artifact_sha256=29fbb87ffc41791d602765dc5b0f3dc3f68a66a14d3283010c92ce630a33fadd
role=funder
sender=0x724e8951d39E14CEBcB5fB02638f49A637C97838
nonce_range=328-366
transactions=39 completed=0
sent index=0 nonce=328 label=updateAnswer(int256) tx=0x39a342980c0d1193d71b7f207cf95302c5a3a8dbc13c135cf7b8e1406b957263
sent index=1 nonce=329 label=updateAnswer(int256) tx=0x25445ffed981ed97d7ce6235d5444d3cc4588e23daf35e38fd2f01dba8a56a3b
sent index=2 nonce=330 label=updateAnswer(int256) tx=0xaa3f08bdd8d1a4e7cf01e5ecb5a334714bba3160b2e74116cff4eaa2ce9ba359
sent index=3 nonce=331 label=updateAnswer(int256) tx=0xf67b4945c9485bfe2026ce39c8c9e334ea63906c08a3de25d96f9555565ec008
sent index=4 nonce=332 label=SepoliaTestToken tx=0xa1bc25c1651b960116af4c7ee7305e816cf248b3f8a77da597267fa72b6f6ff2
sent index=5 nonce=333 label=SepoliaTestVault tx=0x653c6dc47e358fa489e89c636aac55e96ad184c7b2495d84bce2f1900e010e22
sent index=6 nonce=334 label=SepoliaTestVault tx=0x9ad80136d73419adb2ec3fb610209e61205894629e9711046a6aece94a7b11a4
sent index=7 nonce=335 label=ERC1967Proxy tx=0x38e01e904ef6caa0523f4e18f4a31d42ed04ba9a7eea08db4ed0d4280892f34c
sent index=8 nonce=336 label=ERC1967Proxy tx=0x5e4bd9839ddf25a14e3ce64857626523c26f2a93ee5b52319a66393ce78536c6
sent index=9 nonce=337 label=ERC1967Proxy tx=0xe3f0dbe97d3fcc33b7ea8e9bec073402452c2290ce3cfcdf3f0f48f3de28e2b9
sent index=10 nonce=338 label=ERC1967Proxy tx=0xe7b99ad825187719329e18a08510c5b1cd646039abd94921536aa1098a1014fc
sent index=11 nonce=339 label=ERC1967Proxy tx=0x84146fb6cafc4c1cf57a9e1a3927ba145cb20782006f0c40df66fd857c7943a2
sent index=12 nonce=340 label=USD8SavingsBootstrap tx=0x845548ae810cc7ae894d2af493db89e9d18e3574f0bd5ea92c962cb86992b074
sent index=13 nonce=341 label=SepoliaTestToken tx=0x2978b5eac6e0214af60701f84e7a5679786a9d3a1fda2eb3d5eb1918e89f7a5e
sent index=14 nonce=342 label=USD8SavingsBootstrap tx=0xc312acd2d8d3fdede1dae10833eff1a3749949a1fbb992b7add5b166ea8433ec
sent index=15 nonce=343 label=BeaconProxy tx=0x350fb476ebf48a226a1e0d1dcdc7675401875a6af60d80a0eb5c259f49ea99d8
sent index=16 nonce=344 label=approve(address,uint256) tx=0x6d69ee37c14cca2de78bb7db19ca3456b18ee9c0926aa383e1d889b211262a5c
sent index=17 nonce=345 label=BeaconProxy tx=0x964bfa7457bad65af5cab860079c33035ffd6bc75c72207d5ebf18a7d6b15d2b
sent index=18 nonce=346 label=ERC1967Proxy tx=0xbd84800009ee92b3b89750739987daab61a6efecb40c68a65232c0edfdcf8c5b
sent index=19 nonce=347 label=ERC1967Proxy tx=0x7545a59e0f7b2073dd9a1b96b95b55eb5cf3b8a98014d75b83ba3d310147713c
sent index=20 nonce=348 label=ERC1967Proxy tx=0x97c41eb9feb930694e262141faa4e767f270a8ea7386454851e1b5d3157f3bbb
sent index=21 nonce=349 label=ERC1967Proxy tx=0xccef9e6f59f132e0f2fd6b63107ff1f70579cb60b605f58e6520743d98da0fac
sent index=22 nonce=350 label=ERC1967Proxy tx=0x091ff14857e026e56259552c505ff167350a25a77f822633c298722cd5c73525
sent index=23 nonce=351 label=ERC1967Proxy tx=0x0c7e2353d73faa572c7b4ccbca3fe4c7742778992268eaee1621aa10f35c1be5
sent index=24 nonce=352 label=USD8PriceOracle tx=0x31d653547fc2ca876f0f0b3bcc8d536f3f3d74ddbbe94ecaa161fc6efb9766fa
sent index=25 nonce=353 label=ERC1967Proxy tx=0x6c89b7fdb692bc0b95e215e8a6f38331743df4586f33f7ff34e32b9628d4519d
sent index=26 nonce=354 label=ERC1967Proxy tx=0x78843ae9d0db612a0603b809c7468e39e94131ce7811fddfbffb2d3156601318
sent index=27 nonce=355 label=ERC1967Proxy tx=0x696f04942571e16efb80795119908984f34a4d3ac00458180c4aaf9b7775ba38
sent index=28 nonce=356 label=ERC1967Proxy tx=0xd5ed512d2d1098730e63a4ed1917bcb69f141defca62d310cdebe4979bbb0776
sent index=29 nonce=357 label=ERC1967Proxy tx=0x1845de705b01e200d2358b3f5904ebc9b5e69cc49a01229f01be6fe075e3ab07
sent index=30 nonce=358 label=ERC1967Proxy tx=0xa77103bcb4dd025b6cc2671485985e6d38f0ede1cc83973f081e4164adbd7c32
sent index=31 nonce=359 label=ERC1967Proxy tx=0x24c55f0cba2060d6f9b883a445ff07052e1a06e4fbf1c0317203567b85641211
sent index=32 nonce=360 label=ERC1967Proxy tx=0x692d0496b476048792a4d5d3674899829db7e37ae92222ebbdf9cff78a851fdc
sent index=33 nonce=361 label=ERC4626Strategy tx=0x1891a8bbe0940e846727a25d6e61d37683e926b6ef8daca749454ca5df2df6b7
sent index=34 nonce=362 label=ERC4626Strategy tx=0xed5c197d0faf11916355730be3520d40594e05226e4fae32a6e627fb5c3467a7
sent index=35 nonce=363 label=ERC1967Proxy tx=0x0c87e914b501f2452caf82385ad4ccbe3ff94aa0e98936daf0fe4093f54fa6d7
sent index=36 nonce=364 label=ERC1967Proxy tx=0xea8709b45a9984ea2d45d09a68e4e76ab8757121a86e5220266be4ce441ef3cf
sent index=37 nonce=365 label=ERC1967Proxy tx=0xc5c214b8c553b093d12ef730777c8eadf7eb441a33a2f46e102fcf6c6cbfa814
sent index=38 nonce=366 label=ERC1967Proxy tx=0x497015ae14ce4f6693b2b2b274b2a015f4394dbdc4a21e930f80e0c1538983e0
mode=broadcast-complete state=deployments/sepolia/mock-usdc/deployment-plan.agent-state.json
